// Jest Snapshot v1, https://goo.gl/fbAQLP

exports[`timer reducer should have initial state 1`] = `
Object {
  "rate": 1,
  "running": false,
  "time": 0,
}
`;
