// Jest Snapshot v1, https://goo.gl/fbAQLP

exports[`util/fetch should match snapshot 1`] = `
Object {
  "HttpError": [Function],
  "fetchWithHttpErrorHandler": [Function],
  "httpErrorHandler": [Function],
}
`;
